// Jest Snapshot v1, https://jestjs.io/docs/snapshot-testing

exports[`TgAssistantLambdaStack (ZIP-based Node.js Lambda) synthesizes expected CloudFormation template (snapshot) 1`] = `
{
  "Description": "Test stack",
  "Outputs": {
    "ApiGatewayId": {
      "Value": {
        "Ref": "SsmParameterValueautomationdevapigatewayidC96584B6F00A464EAD1953AFF4B05118Parameter",
      },
    },
    "FeedbackFunctionArn": {
      "Value": {
        "Fn::GetAtt": [
          "FeedbackFunctionA9DF1893",
          "Arn",
        ],
      },
    },
    "FeedbackFunctionName": {
      "Value": {
        "Ref": "FeedbackFunctionA9DF1893",
      },
    },
    "LambdaRegion": {
      "Value": "us-east-1",
    },
    "TelegramWebhookSecretArn": {
      "Value": {
        "Ref": "TelegramWebhookSecret2F3DC73E",
      },
    },
    "WebhookFunctionArn": {
      "Value": {
        "Fn::GetAtt": [
          "WebhookFunction59DCB58D",
          "Arn",
        ],
      },
    },
    "WebhookFunctionName": {
      "Value": {
        "Ref": "WebhookFunction59DCB58D",
      },
    },
  },
  "Parameters": {
    "BootstrapVersion": {
      "Default": "/cdk-bootstrap/hnb659fds/version",
      "Description": "Version of the CDK Bootstrap resources in this environment, automatically retrieved from SSM Parameter Store. [cdk:skip]",
      "Type": "AWS::SSM::Parameter::Value<String>",
    },
    "SsmParameterValueautomationdevapigatewayidC96584B6F00A464EAD1953AFF4B05118Parameter": {
      "Default": "/automation/dev/api-gateway/id",
      "Type": "AWS::SSM::Parameter::Value<String>",
    },
    "SsmParameterValueautomationdevsqsresultqueuearnC96584B6F00A464EAD1953AFF4B05118Parameter": {
      "Default": "/automation/dev/sqs/result-queue/arn",
      "Type": "AWS::SSM::Parameter::Value<String>",
    },
  },
  "Resources": {
    "FeedbackFunctionA9DF1893": {
      "DependsOn": [
        "FeedbackLambdaExecutionRoleDefaultPolicyFF1DD3A2",
        "FeedbackLambdaExecutionRoleE103B9BF",
      ],
      "Properties": {
        "Architectures": [
          "arm64",
        ],
        "Code": {
          "S3Bucket": "cdk-hnb659fds-assets-123456789012-us-east-1",
          "S3Key": "1ebc9d3ac2033816c4abb63e4afd69d350b4aba8704cc9236b82ea520b74f4b0.zip",
        },
        "Environment": {
          "Variables": {
            "ENVIRONMENT": "dev",
            "NODE_ENV": "production",
            "TELEGRAM_SECRET_ARN": {
              "Ref": "TelegramWebhookSecret2F3DC73E",
            },
          },
        },
        "FunctionName": "telegram-feedback-lambda-dev",
        "Handler": "index.handler",
        "LoggingConfig": {
          "LogGroup": {
            "Ref": "FeedbackFunctionLogGroupC2BBCDAA",
          },
        },
        "MemorySize": 1024,
        "Role": {
          "Fn::GetAtt": [
            "FeedbackLambdaExecutionRoleE103B9BF",
            "Arn",
          ],
        },
        "Runtime": "nodejs22.x",
        "Timeout": 300,
      },
      "Type": "AWS::Lambda::Function",
    },
    "FeedbackFunctionLogGroupC2BBCDAA": {
      "DeletionPolicy": "Delete",
      "Properties": {
        "LogGroupName": "/aws/lambda/telegram-feedback-lambda-dev",
        "RetentionInDays": 30,
      },
      "Type": "AWS::Logs::LogGroup",
      "UpdateReplacePolicy": "Delete",
    },
    "FeedbackFunctionSqsEventSourceTestStackResultQueueB5219B42D50203DD": {
      "Properties": {
        "EventSourceArn": {
          "Ref": "SsmParameterValueautomationdevsqsresultqueuearnC96584B6F00A464EAD1953AFF4B05118Parameter",
        },
        "FunctionName": {
          "Ref": "FeedbackFunctionA9DF1893",
        },
      },
      "Type": "AWS::Lambda::EventSourceMapping",
    },
    "FeedbackLambdaExecutionRoleDefaultPolicyFF1DD3A2": {
      "Properties": {
        "PolicyDocument": {
          "Statement": [
            {
              "Action": [
                "secretsmanager:GetSecretValue",
                "secretsmanager:DescribeSecret",
              ],
              "Effect": "Allow",
              "Resource": {
                "Ref": "TelegramWebhookSecret2F3DC73E",
              },
            },
            {
              "Action": [
                "sqs:ReceiveMessage",
                "sqs:ChangeMessageVisibility",
                "sqs:GetQueueUrl",
                "sqs:DeleteMessage",
                "sqs:GetQueueAttributes",
              ],
              "Effect": "Allow",
              "Resource": {
                "Ref": "SsmParameterValueautomationdevsqsresultqueuearnC96584B6F00A464EAD1953AFF4B05118Parameter",
              },
            },
          ],
          "Version": "2012-10-17",
        },
        "PolicyName": "FeedbackLambdaExecutionRoleDefaultPolicyFF1DD3A2",
        "Roles": [
          {
            "Ref": "FeedbackLambdaExecutionRoleE103B9BF",
          },
        ],
      },
      "Type": "AWS::IAM::Policy",
    },
    "FeedbackLambdaExecutionRoleE103B9BF": {
      "Properties": {
        "AssumeRolePolicyDocument": {
          "Statement": [
            {
              "Action": "sts:AssumeRole",
              "Effect": "Allow",
              "Principal": {
                "Service": "lambda.amazonaws.com",
              },
            },
          ],
          "Version": "2012-10-17",
        },
        "Description": "Execution role for Feedback Lambda to write logs",
        "ManagedPolicyArns": [
          {
            "Fn::Join": [
              "",
              [
                "arn:",
                {
                  "Ref": "AWS::Partition",
                },
                ":iam::aws:policy/service-role/AWSLambdaBasicExecutionRole",
              ],
            ],
          },
        ],
        "RoleName": "telegram-feedback-lambda-role-dev",
      },
      "Type": "AWS::IAM::Role",
    },
    "TelegramWebhookSecret2F3DC73E": {
      "DeletionPolicy": "Delete",
      "Properties": {
        "Description": "Telegram webhook secret and bot token used for webhook validation and API calls",
        "GenerateSecretString": {
          "ExcludePunctuation": true,
          "GenerateStringKey": "placeholder",
          "PasswordLength": 16,
          "SecretStringTemplate": "{}",
        },
        "Name": "/tg-assistant/telegram-secrets/dev",
      },
      "Type": "AWS::SecretsManager::Secret",
      "UpdateReplacePolicy": "Delete",
    },
    "WebhookFunction59DCB58D": {
      "DependsOn": [
        "WebhookLambdaExecutionRoleDefaultPolicy2D6F1F56",
        "WebhookLambdaExecutionRoleF6CB7A70",
      ],
      "Properties": {
        "Architectures": [
          "arm64",
        ],
        "Code": {
          "S3Bucket": "cdk-hnb659fds-assets-123456789012-us-east-1",
          "S3Key": "1ebc9d3ac2033816c4abb63e4afd69d350b4aba8704cc9236b82ea520b74f4b0.zip",
        },
        "Environment": {
          "Variables": {
            "ENVIRONMENT": "dev",
            "NODE_ENV": "production",
            "TELEGRAM_SECRET_ARN": {
              "Ref": "TelegramWebhookSecret2F3DC73E",
            },
          },
        },
        "FunctionName": "telegram-webhook-lambda-dev",
        "Handler": "index.handler",
        "LoggingConfig": {
          "LogGroup": {
            "Ref": "WebhookFunctionLogGroup6D91472A",
          },
        },
        "MemorySize": 1024,
        "Role": {
          "Fn::GetAtt": [
            "WebhookLambdaExecutionRoleF6CB7A70",
            "Arn",
          ],
        },
        "Runtime": "nodejs22.x",
        "Timeout": 300,
      },
      "Type": "AWS::Lambda::Function",
    },
    "WebhookFunctionLogGroup6D91472A": {
      "DeletionPolicy": "Delete",
      "Properties": {
        "LogGroupName": "/aws/lambda/telegram-webhook-lambda-dev",
        "RetentionInDays": 30,
      },
      "Type": "AWS::Logs::LogGroup",
      "UpdateReplacePolicy": "Delete",
    },
    "WebhookLambdaExecutionRoleDefaultPolicy2D6F1F56": {
      "Properties": {
        "PolicyDocument": {
          "Statement": [
            {
              "Action": [
                "secretsmanager:GetSecretValue",
                "secretsmanager:DescribeSecret",
              ],
              "Effect": "Allow",
              "Resource": {
                "Ref": "TelegramWebhookSecret2F3DC73E",
              },
            },
          ],
          "Version": "2012-10-17",
        },
        "PolicyName": "WebhookLambdaExecutionRoleDefaultPolicy2D6F1F56",
        "Roles": [
          {
            "Ref": "WebhookLambdaExecutionRoleF6CB7A70",
          },
        ],
      },
      "Type": "AWS::IAM::Policy",
    },
    "WebhookLambdaExecutionRoleF6CB7A70": {
      "Properties": {
        "AssumeRolePolicyDocument": {
          "Statement": [
            {
              "Action": "sts:AssumeRole",
              "Effect": "Allow",
              "Principal": {
                "Service": "lambda.amazonaws.com",
              },
            },
          ],
          "Version": "2012-10-17",
        },
        "Description": "Execution role for Lambda to write logs",
        "ManagedPolicyArns": [
          {
            "Fn::Join": [
              "",
              [
                "arn:",
                {
                  "Ref": "AWS::Partition",
                },
                ":iam::aws:policy/service-role/AWSLambdaBasicExecutionRole",
              ],
            ],
          },
        ],
        "RoleName": "telegram-webhook-lambda-role-dev",
      },
      "Type": "AWS::IAM::Role",
    },
    "WebhookRouteAD3745B5": {
      "Properties": {
        "ApiId": {
          "Ref": "SsmParameterValueautomationdevapigatewayidC96584B6F00A464EAD1953AFF4B05118Parameter",
        },
        "AuthorizationType": "NONE",
        "RouteKey": "POST /webhook",
        "Target": {
          "Fn::Join": [
            "",
            [
              "integrations/",
              {
                "Ref": "WebhookRouteWebhookIntegration1E761AAA",
              },
            ],
          ],
        },
      },
      "Type": "AWS::ApiGatewayV2::Route",
    },
    "WebhookRouteWebhookIntegration1E761AAA": {
      "Properties": {
        "ApiId": {
          "Ref": "SsmParameterValueautomationdevapigatewayidC96584B6F00A464EAD1953AFF4B05118Parameter",
        },
        "IntegrationType": "AWS_PROXY",
        "IntegrationUri": {
          "Fn::GetAtt": [
            "WebhookFunction59DCB58D",
            "Arn",
          ],
        },
        "PayloadFormatVersion": "1.0",
      },
      "Type": "AWS::ApiGatewayV2::Integration",
    },
    "WebhookRouteWebhookIntegrationPermission64ED9151": {
      "Properties": {
        "Action": "lambda:InvokeFunction",
        "FunctionName": {
          "Fn::GetAtt": [
            "WebhookFunction59DCB58D",
            "Arn",
          ],
        },
        "Principal": "apigateway.amazonaws.com",
        "SourceArn": {
          "Fn::Join": [
            "",
            [
              "arn:",
              {
                "Ref": "AWS::Partition",
              },
              ":execute-api:us-east-1:123456789012:",
              {
                "Ref": "SsmParameterValueautomationdevapigatewayidC96584B6F00A464EAD1953AFF4B05118Parameter",
              },
              "/*/*/webhook",
            ],
          ],
        },
      },
      "Type": "AWS::Lambda::Permission",
    },
  },
  "Rules": {
    "CheckBootstrapVersion": {
      "Assertions": [
        {
          "Assert": {
            "Fn::Not": [
              {
                "Fn::Contains": [
                  [
                    "1",
                    "2",
                    "3",
                    "4",
                    "5",
                  ],
                  {
                    "Ref": "BootstrapVersion",
                  },
                ],
              },
            ],
          },
          "AssertDescription": "CDK bootstrap stack version 6 required. Please run 'cdk bootstrap' with a recent version of the CDK CLI.",
        },
      ],
    },
  },
}
`;
